^toempty<adv>/<adv>$
^emptier<adv>/nonempty<adv>/$
^meme<vblex><pres>/pickme<vblex><pres>$
^meme<vblex><pres>/andme<vblex><pres>$
