^3<num>/3<num><ord>$
^\$<sym>/\$<sym>$ ^3<num>/3<num><card>$
